2018-01-14 12:15:33,165 [http-nio-8080-exec-3] ERROR org.ffmpeg - [mp3 @ 0x7fab010f0380] Header missing
